// Jest Snapshot v1, https://goo.gl/fbAQLP

exports[`test Table snapshot 1`] = `<div class="b-table"></div>`;
