// Jest Snapshot v1, https://goo.gl/fbAQLP

exports[`test WorkCard snapshot 1`] = `<div class="b-work-card"></div>`;
