// Jest Snapshot v1, https://goo.gl/fbAQLP

exports[`test AsideLayout snapshot 1`] = `
<div class="b-aside-layout">
  <div class="__container container">
    <div class="__content"></div>
    <!---->
  </div>
</div>
`;
